// Jest Snapshot v1, https://goo.gl/fbAQLP

exports[`login Tests Should work. 1`] = `
Object {
  "email": "bobby@crossfield.com",
  "id": 1,
  "password": "1234",
  "token": "IOIJIO",
}
`;
